#./src/main/resources/Entities.map
#Mon Nov 05 04:55:34 CET 2018
educationRecord3=393
curriculum4=410
educationRecord2=392
application4=430
curriculum3=409
educationRecord1=391
application3=429
rootCategory=419
curriculum2=408
application2=428
curriculum1=407
application1=427
handyWorker4=418
handyWorker3=417
handyWorker2=416
handyWorker1=415
category3=421
category2=422
category1=420
customer4=414
customer3=413
customer2=412
professionalRecord4=398
customer1=411
professionalRecord3=397
professionalRecord2=396
miscellaneousRecord4=406
professionalRecord1=395
miscellaneousRecord3=405
miscellaneousRecord2=404
miscellaneousRecord1=403
personalRecord4=390
personalRecord3=389
personalRecord2=388
personalRecord1=387
userAccount9=384
fixuptask4=426
userAccount8=383
fixuptask3=425
userAccount7=382
fixuptask2=424
userAccount6=381
fixuptask1=423
userAccount5=380
userAccount4=379
userAccount3=378
userAccount2=377
userAccount1=376
endorserRecord4=402
userAccount11=386
endorserRecord3=401
userAccount10=385
endorserRecord2=400
endorserRecord1=399
educationRecord4=394
